[2026-04-23T02:52:37+00:00]
Mode: apply
Checked published products: 19
Archived (not found): 0
Invalid URL rows: 0
Network/block warnings: 0

[2026-04-23T02:54:10+00:00]
Mode: apply
Checked published products: 36
Archived (not found): 4
Invalid URL rows: 0
Network/block warnings: 0
Archived ASINs: B07VZ7W5Z9, B0TSCP007, B0TSCP012, B0TSCP015

[2026-04-23T03:03:48+00:00]
Mode: apply
Checked published products: 32
Archived (not found): 2
Invalid URL rows: 0
Network/block warnings: 0
Archived ASINs: B083JW8NWK, B0TSCP011

[2026-04-23T03:13:49+00:00]
Mode: apply
Checked published products: 30
Archived (not found): 2
Invalid URL rows: 0
Network/block warnings: 0
Archived ASINs: B00D12P6Z2, B0TSCP020

[2026-04-23T03:14:46+00:00]
Mode: apply
Checked published products: 28
Archived (not found): 2
Invalid URL rows: 0
Network/block warnings: 0
Archived ASINs: B0048EZCF2, B0TSCP009

[2026-04-23T09:55:33+00:00]
Mode: apply
Checked published products: 23
Archived (not found): 1
Invalid URL rows: 0
Network/block warnings: 0
Archived ASINs: B0TSCP017

[2026-04-23T11:15:43+00:00]
Mode: apply
Checked published products: 22
Archived (not found): 0
Invalid URL rows: 0
Network/block warnings: 0

