[2026-04-11T06:58:34+00:00]
Checked: 35
Updated: 0
Skipped (invalid/missing ASIN): 0
Scraped real images: 0
Fallback placeholder: 0

[2026-04-11T07:12:05+00:00]
Checked: 35
Updated: 0
Skipped (invalid/missing ASIN): 0
Scraped real images: 0
Fallback placeholder: 0

[2026-04-11T10:20:06+00:00]
Checked: 35
Updated: 0
Skipped (invalid/missing ASIN): 0
Scraped real images: 0
Fallback placeholder: 0

[2026-04-11T21:58:38+00:00]
Checked: 35
Updated: 0
Skipped (invalid/missing ASIN): 0
Scraped real images: 0
Fallback placeholder: 0

