[2026-04-23T02:42:36+00:00]
Checked: 35
Updated: 19
Skipped (invalid/missing ASIN): 0
Scraped real images: 12
Fallback placeholder: 7

[2026-04-23T02:52:22+00:00]
Checked: 35
Updated: 0
Skipped (invalid/missing ASIN): 0
Scraped real images: 0
Fallback placeholder: 7

[2026-04-23T09:55:01+00:00]
Checked: 49
Updated: 0
Skipped (invalid/missing ASIN): 17
Scraped real images: 0
Fallback placeholder: 4

[2026-04-23T10:04:57+00:00]
Checked: 44
Updated: 0
Skipped (invalid/missing ASIN): 14
Scraped real images: 0
Fallback placeholder: 2

[2026-04-23T10:20:06+00:00]
Checked: 44
Updated: 2
Skipped (invalid/missing ASIN): 14
Scraped real images: 0
Fallback placeholder: 2

